PHY S2
Received: 0
Timeouts: 0
CRC 0
PER: 100.0%
Completion 17.0 %
Received: 0
Timeouts: 0
CRC 0
PER: 100.0%
Completion 34.0 %
Received: 0
Timeouts: 0
CRC 0
PER: 100.0%
Completion 51.0 %
Received: 0
Timeouts: 0
CRC 0
PER: 100.0%
Completion 68.0 %
Received: 0
Timeouts: 0
CRC 0
PER: 100.0%
Completion 85.0 %
Received: 0
Timeouts: 0
CRC 0
PER: 100.0%
Completion 102.0 %
